
Traceback (most recent call last):
################################################################################
# MASTER-LEVEL EVASION VALIDATION SUITE
# Evasi¾n 5/5 + Extracci¾n 5/5
################################################################################

================================================================================
TEST 1: TLS Fingerprinting (Evasi¾n 5/5)
================================================================================
  File "C:\Users\Usuario\Desktop\APLICATIVOS\sqlmap\backend\test_master_level_evasion.py", line 272, in <module>
    sys.exit(main())
             ^^^^^^
  File "C:\Users\Usuario\Desktop\APLICATIVOS\sqlmap\backend\test_master_level_evasion.py", line 238, in main
    all_passed &= test_tls_fingerprinting()
                  ^^^^^^^^^^^^^^^^^^^^^^^^^
  File "C:\Users\Usuario\Desktop\APLICATIVOS\sqlmap\backend\test_master_level_evasion.py", line 40, in test_tls_fingerprinting
    print(f"\n{status} | UA Family Detection")
  File "C:\Users\Usuario\AppData\Local\Programs\Python\Python312\Lib\encodings\cp1252.py", line 19, in encode
    return codecs.charmap_encode(input,self.errors,encoding_table)[0]
           ^^^^^^^^^^^^^^^^^^^^^^^^^^^^^^^^^^^^^^^^^^^^^^^^^^^^^^^
UnicodeEncodeError: 'charmap' codec can't encode character '\u2713' in position 2: character maps to <undefined>
